<html>
<body>
<pre>
<h1>µVision Build Log</h1>
<h2>Project:</h2>
C:\Users\Kyle\Documents\ValvanoWare\Lab1_UsingOLED_1968\OLED.uvproj
Project File Date:  01/25/2012

<h2>Output:</h2>
Build target 'OLED'
compiling Lab1Main_UseOLED.c...
fixed.h(26): warning:  #1-D: last line of file ends without a newline
Lab1Main_UseOLED.c(19): warning:  #177-D: variable "i" was declared but never referenced
linking...
Program Size: Code=5098 RO-data=762 RW-data=24 ZI-data=1528  
"oled.axf" - 0 Error(s), 2 Warning(s).
Build target 'OLED'
compiling Output.c...
compiling rit128x96x4.c...
assembling Startup.s...
compiling fixed.c...
fixed.h(26): warning:  #1-D: last line of file ends without a newline
fixed.c(133): warning:  #1-D: last line of file ends without a newline
compiling Lab1Main_UseOLED.c...
fixed.h(26): warning:  #1-D: last line of file ends without a newline
Lab1Main_UseOLED.c(19): warning:  #177-D: variable "i" was declared but never referenced
linking...
Program Size: Code=5098 RO-data=762 RW-data=24 ZI-data=1528  
"oled.axf" - 0 Error(s), 4 Warning(s).
Build target 'OLED'
compiling Output.c...
compiling rit128x96x4.c...
assembling Startup.s...
compiling fixed.c...
fixed.h(26): warning:  #1-D: last line of file ends without a newline
fixed.c(133): warning:  #1-D: last line of file ends without a newline
compiling Lab1Main_UseOLED.c...
fixed.h(26): warning:  #1-D: last line of file ends without a newline
linking...
Program Size: Code=5098 RO-data=762 RW-data=24 ZI-data=1528  
"oled.axf" - 0 Error(s), 3 Warning(s).
