<html>
<body>
<pre>
<h1>µVision Build Log</h1>
<h2>Project:</h2>
C:\Users\Kyle\Documents\EE445L\ValvanoWare\Lab1_UsingOLED_1968\OLED.uvproj
Project File Date:  01/25/2012

<h2>Output:</h2>
Build target 'OLED'
compiling Output.c...
compiling rit128x96x4.c...
assembling Startup.s...
compiling fixed.c...
fixed.h(34): warning:  #1-D: last line of file ends without a newline
fixed.c(190): warning:  #1-D: last line of file ends without a newline
compiling Lab1Main_UseOLED.c...
fixed.h(34): warning:  #1-D: last line of file ends without a newline
Lab1Main_UseOLED.c(14): warning:  #21-D: type qualifiers are meaningless in this declaration
linking...
Program Size: Code=5536 RO-data=968 RW-data=32 ZI-data=1544  
"oled.axf" - 0 Error(s), 4 Warning(s).
Load "C:\\Users\\Kyle\\Documents\\EE445L\\ValvanoWare\\Lab1_UsingOLED_1968\\oled.AXF" 
Connecting: Mode=JTAG, Speed=1000000Hz
Erase Done.
Programming Done.
Verify OK.
Load "C:\\Users\\Kyle\\Documents\\EE445L\\ValvanoWare\\Lab1_UsingOLED_1968\\oled.AXF" 
Connecting: Mode=JTAG, Speed=1000000Hz
Erase Done.
Programming Done.
Verify OK.
Build target 'OLED'
compiling Output.c...
compiling rit128x96x4.c...
assembling Startup.s...
compiling fixed.c...
fixed.h(34): warning:  #1-D: last line of file ends without a newline
fixed.c(190): warning:  #1-D: last line of file ends without a newline
compiling Lab1Main_UseOLED.c...
fixed.h(34): warning:  #1-D: last line of file ends without a newline
Lab1Main_UseOLED.c(14): warning:  #21-D: type qualifiers are meaningless in this declaration
linking...
Program Size: Code=5536 RO-data=968 RW-data=32 ZI-data=1544  
"oled.axf" - 0 Error(s), 4 Warning(s).
